{"ts":1785666173.081,"level":"INFO","logger":"flowsense","msg":"camera","camera_id":"30","camera":"Simpang DPRD Arah Kota"}
{"ts":1785666173.083,"level":"INFO","logger":"flowsense","msg":"stream","url":"https://stream.kuduskab.go.id/memfs/b2e6de86-4d67-4797-a6e8-7e57871d0a0a.m3u8"}
{"ts":1785666179.62,"level":"INFO","logger":"flowsense","msg":"model loaded"}
{"ts":1785666184.591,"level":"INFO","logger":"flowsense","msg":"record","camera_id":"30","event":"{\"ts\": 1785666180, \"camera_id\": 30, \"camera\": \"Simpang DPRD Arah Kota\", \"total_vehicles\": 1, \"per_lane\": {}, \"crossings\": {}}"}
{"ts":1785666184.702,"level":"INFO","logger":"flowsense","msg":"record","camera_id":"30","event":"{\"ts\": 1785666184, \"camera_id\": 30, \"camera\": \"Simpang DPRD Arah Kota\", \"total_vehicles\": 1, \"per_lane\": {}, \"crossings\": {}}"}
{"ts":1785666186.959,"level":"INFO","logger":"flowsense","msg":"record","camera_id":"30","event":"{\"ts\": 1785666186, \"camera_id\": 30, \"camera\": \"Simpang DPRD Arah Kota\", \"total_vehicles\": 0, \"per_lane\": {}, \"crossings\": {}}"}
{"ts":1785666189.082,"level":"INFO","logger":"flowsense","msg":"record","camera_id":"30","event":"{\"ts\": 1785666188, \"camera_id\": 30, \"camera\": \"Simpang DPRD Arah Kota\", \"total_vehicles\": 0, \"per_lane\": {}, \"crossings\": {}}"}
{"ts":1785666191.264,"level":"INFO","logger":"flowsense","msg":"record","camera_id":"30","event":"{\"ts\": 1785666190, \"camera_id\": 30, \"camera\": \"Simpang DPRD Arah Kota\", \"total_vehicles\": 0, \"per_lane\": {}, \"crossings\": {}}"}
{"ts":1785666193.447,"level":"INFO","logger":"flowsense","msg":"record","camera_id":"30","event":"{\"ts\": 1785666193, \"camera_id\": 30, \"camera\": \"Simpang DPRD Arah Kota\", \"total_vehicles\": 0, \"per_lane\": {}, \"crossings\": {}}"}
{"ts":1785666195.563,"level":"INFO","logger":"flowsense","msg":"record","camera_id":"30","event":"{\"ts\": 1785666195, \"camera_id\": 30, \"camera\": \"Simpang DPRD Arah Kota\", \"total_vehicles\": 0, \"per_lane\": {}, \"crossings\": {}}"}
{"ts":1785666197.608,"level":"INFO","logger":"flowsense","msg":"record","camera_id":"30","event":"{\"ts\": 1785666197, \"camera_id\": 30, \"camera\": \"Simpang DPRD Arah Kota\", \"total_vehicles\": 0, \"per_lane\": {}, \"crossings\": {}}"}
{"ts":1785666200.488,"level":"INFO","logger":"flowsense","msg":"record","camera_id":"30","event":"{\"ts\": 1785666200, \"camera_id\": 30, \"camera\": \"Simpang DPRD Arah Kota\", \"total_vehicles\": 0, \"per_lane\": {}, \"crossings\": {}}"}
{"ts":1785666202.532,"level":"INFO","logger":"flowsense","msg":"record","camera_id":"30","event":"{\"ts\": 1785666202, \"camera_id\": 30, \"camera\": \"Simpang DPRD Arah Kota\", \"total_vehicles\": 0, \"per_lane\": {}, \"crossings\": {}}"}
{"ts":1785666204.241,"level":"INFO","logger":"flowsense","msg":"record","camera_id":"30","event":"{\"ts\": 1785666204, \"camera_id\": 30, \"camera\": \"Simpang DPRD Arah Kota\", \"total_vehicles\": 0, \"per_lane\": {}, \"crossings\": {}}"}
{"ts":1785666206.334,"level":"INFO","logger":"flowsense","msg":"record","camera_id":"30","event":"{\"ts\": 1785666206, \"camera_id\": 30, \"camera\": \"Simpang DPRD Arah Kota\", \"total_vehicles\": 2, \"per_lane\": {}, \"crossings\": {}}"}
{"ts":1785666208.45,"level":"INFO","logger":"flowsense","msg":"record","camera_id":"30","event":"{\"ts\": 1785666208, \"camera_id\": 30, \"camera\": \"Simpang DPRD Arah Kota\", \"total_vehicles\": 1, \"per_lane\": {}, \"crossings\": {}}"}
{"ts":1785666210.578,"level":"INFO","logger":"flowsense","msg":"record","camera_id":"30","event":"{\"ts\": 1785666210, \"camera_id\": 30, \"camera\": \"Simpang DPRD Arah Kota\", \"total_vehicles\": 1, \"per_lane\": {}, \"crossings\": {}}"}
{"ts":1785666212.807,"level":"INFO","logger":"flowsense","msg":"record","camera_id":"30","event":"{\"ts\": 1785666212, \"camera_id\": 30, \"camera\": \"Simpang DPRD Arah Kota\", \"total_vehicles\": 1, \"per_lane\": {\"kota\": 1}, \"crossings\": {}}"}
{"ts":1785666214.788,"level":"INFO","logger":"flowsense","msg":"record","camera_id":"30","event":"{\"ts\": 1785666214, \"camera_id\": 30, \"camera\": \"Simpang DPRD Arah Kota\", \"total_vehicles\": 2, \"per_lane\": {\"kota\": 1}, \"crossings\": {}}"}
{"ts":1785666217.037,"level":"INFO","logger":"flowsense","msg":"record","camera_id":"30","event":"{\"ts\": 1785666216, \"camera_id\": 30, \"camera\": \"Simpang DPRD Arah Kota\", \"total_vehicles\": 0, \"per_lane\": {}, \"crossings\": {}}"}
{"ts":1785666218.996,"level":"INFO","logger":"flowsense","msg":"record","camera_id":"30","event":"{\"ts\": 1785666218, \"camera_id\": 30, \"camera\": \"Simpang DPRD Arah Kota\", \"total_vehicles\": 2, \"per_lane\": {\"kota\": 1}, \"crossings\": {\"kota\": 1}}"}
{"ts":1785666221.127,"level":"INFO","logger":"flowsense","msg":"record","camera_id":"30","event":"{\"ts\": 1785666221, \"camera_id\": 30, \"camera\": \"Simpang DPRD Arah Kota\", \"total_vehicles\": 2, \"per_lane\": {\"kota\": 1}, \"crossings\": {\"kota\": 1}}"}
{"ts":1785666223.142,"level":"INFO","logger":"flowsense","msg":"record","camera_id":"30","event":"{\"ts\": 1785666223, \"camera_id\": 30, \"camera\": \"Simpang DPRD Arah Kota\", \"total_vehicles\": 2, \"per_lane\": {\"kota\": 1}, \"crossings\": {\"kota\": 1}}"}
{"ts":1785666225.199,"level":"INFO","logger":"flowsense","msg":"record","camera_id":"30","event":"{\"ts\": 1785666225, \"camera_id\": 30, \"camera\": \"Simpang DPRD Arah Kota\", \"total_vehicles\": 2, \"per_lane\": {\"kota\": 1}, \"crossings\": {\"kota\": 1}}"}
{"ts":1785666228.498,"level":"INFO","logger":"flowsense","msg":"record","camera_id":"30","event":"{\"ts\": 1785666227, \"camera_id\": 30, \"camera\": \"Simpang DPRD Arah Kota\", \"total_vehicles\": 2, \"per_lane\": {\"kota\": 1}, \"crossings\": {\"kota\": 1}}"}
{"ts":1785666229.365,"level":"INFO","logger":"flowsense","msg":"record","camera_id":"30","event":"{\"ts\": 1785666229, \"camera_id\": 30, \"camera\": \"Simpang DPRD Arah Kota\", \"total_vehicles\": 2, \"per_lane\": {\"kota\": 1}, \"crossings\": {\"kota\": 1}}"}
{"ts":1785666231.406,"level":"INFO","logger":"flowsense","msg":"record","camera_id":"30","event":"{\"ts\": 1785666231, \"camera_id\": 30, \"camera\": \"Simpang DPRD Arah Kota\", \"total_vehicles\": 1, \"per_lane\": {\"kota\": 1}, \"crossings\": {\"kota\": 1}}"}
{"ts":1785666233.426,"level":"INFO","logger":"flowsense","msg":"record","camera_id":"30","event":"{\"ts\": 1785666233, \"camera_id\": 30, \"camera\": \"Simpang DPRD Arah Kota\", \"total_vehicles\": 2, \"per_lane\": {\"kota\": 1}, \"crossings\": {\"kota\": 1}}"}
{"ts":1785666235.529,"level":"INFO","logger":"flowsense","msg":"record","camera_id":"30","event":"{\"ts\": 1785666235, \"camera_id\": 30, \"camera\": \"Simpang DPRD Arah Kota\", \"total_vehicles\": 2, \"per_lane\": {\"kota\": 1}, \"crossings\": {\"kota\": 1}}"}
{"ts":1785666237.7,"level":"INFO","logger":"flowsense","msg":"record","camera_id":"30","event":"{\"ts\": 1785666237, \"camera_id\": 30, \"camera\": \"Simpang DPRD Arah Kota\", \"total_vehicles\": 2, \"per_lane\": {\"kota\": 1}, \"crossings\": {\"kota\": 1}}"}
{"ts":1785666240.023,"level":"INFO","logger":"flowsense","msg":"record","camera_id":"30","event":"{\"ts\": 1785666239, \"camera_id\": 30, \"camera\": \"Simpang DPRD Arah Kota\", \"total_vehicles\": 0, \"per_lane\": {}, \"crossings\": {\"kota\": 1}}"}
{"ts":1785666242.099,"level":"INFO","logger":"flowsense","msg":"record","camera_id":"30","event":"{\"ts\": 1785666241, \"camera_id\": 30, \"camera\": \"Simpang DPRD Arah Kota\", \"total_vehicles\": 1, \"per_lane\": {}, \"crossings\": {\"kota\": 1}}"}
{"ts":1785666244.174,"level":"INFO","logger":"flowsense","msg":"record","camera_id":"30","event":"{\"ts\": 1785666244, \"camera_id\": 30, \"camera\": \"Simpang DPRD Arah Kota\", \"total_vehicles\": 1, \"per_lane\": {}, \"crossings\": {\"kota\": 1}}"}
{"ts":1785666246.382,"level":"INFO","logger":"flowsense","msg":"record","camera_id":"30","event":"{\"ts\": 1785666246, \"camera_id\": 30, \"camera\": \"Simpang DPRD Arah Kota\", \"total_vehicles\": 2, \"per_lane\": {\"kota\": 1}, \"crossings\": {\"kota\": 1}}"}
{"ts":1785666248.422,"level":"INFO","logger":"flowsense","msg":"record","camera_id":"30","event":"{\"ts\": 1785666248, \"camera_id\": 30, \"camera\": \"Simpang DPRD Arah Kota\", \"total_vehicles\": 2, \"per_lane\": {\"kota\": 1}, \"crossings\": {\"kota\": 1}}"}
{"ts":1785666250.561,"level":"INFO","logger":"flowsense","msg":"record","camera_id":"30","event":"{\"ts\": 1785666250, \"camera_id\": 30, \"camera\": \"Simpang DPRD Arah Kota\", \"total_vehicles\": 2, \"per_lane\": {\"kota\": 1}, \"crossings\": {\"kota\": 1}}"}
{"ts":1785666252.507,"level":"INFO","logger":"flowsense","msg":"record","camera_id":"30","event":"{\"ts\": 1785666252, \"camera_id\": 30, \"camera\": \"Simpang DPRD Arah Kota\", \"total_vehicles\": 3, \"per_lane\": {}, \"crossings\": {\"kota\": 1}}"}
{"ts":1785666254.554,"level":"INFO","logger":"flowsense","msg":"record","camera_id":"30","event":"{\"ts\": 1785666254, \"camera_id\": 30, \"camera\": \"Simpang DPRD Arah Kota\", \"total_vehicles\": 1, \"per_lane\": {}, \"crossings\": {\"kota\": 1}}"}
{"ts":1785666256.548,"level":"INFO","logger":"flowsense","msg":"record","camera_id":"30","event":"{\"ts\": 1785666256, \"camera_id\": 30, \"camera\": \"Simpang DPRD Arah Kota\", \"total_vehicles\": 4, \"per_lane\": {}, \"crossings\": {\"kota\": 1}}"}
{"ts":1785666258.63,"level":"INFO","logger":"flowsense","msg":"record","camera_id":"30","event":"{\"ts\": 1785666258, \"camera_id\": 30, \"camera\": \"Simpang DPRD Arah Kota\", \"total_vehicles\": 1, \"per_lane\": {}, \"crossings\": {\"kota\": 2}}"}
{"ts":1785666260.728,"level":"INFO","logger":"flowsense","msg":"record","camera_id":"30","event":"{\"ts\": 1785666260, \"camera_id\": 30, \"camera\": \"Simpang DPRD Arah Kota\", \"total_vehicles\": 2, \"per_lane\": {}, \"crossings\": {\"kota\": 2}}"}
{"ts":1785666262.795,"level":"INFO","logger":"flowsense","msg":"record","camera_id":"30","event":"{\"ts\": 1785666262, \"camera_id\": 30, \"camera\": \"Simpang DPRD Arah Kota\", \"total_vehicles\": 1, \"per_lane\": {}, \"crossings\": {\"kota\": 2}}"}
{"ts":1785666264.782,"level":"INFO","logger":"flowsense","msg":"record","camera_id":"30","event":"{\"ts\": 1785666264, \"camera_id\": 30, \"camera\": \"Simpang DPRD Arah Kota\", \"total_vehicles\": 2, \"per_lane\": {}, \"crossings\": {\"kota\": 2}}"}
{"ts":1785666266.944,"level":"INFO","logger":"flowsense","msg":"record","camera_id":"30","event":"{\"ts\": 1785666266, \"camera_id\": 30, \"camera\": \"Simpang DPRD Arah Kota\", \"total_vehicles\": 4, \"per_lane\": {}, \"crossings\": {\"kota\": 2}}"}
{"ts":1785666269.33,"level":"INFO","logger":"flowsense","msg":"record","camera_id":"30","event":"{\"ts\": 1785666268, \"camera_id\": 30, \"camera\": \"Simpang DPRD Arah Kota\", \"total_vehicles\": 2, \"per_lane\": {}, \"crossings\": {\"kota\": 2}}"}
{"ts":1785666271.152,"level":"INFO","logger":"flowsense","msg":"record","camera_id":"30","event":"{\"ts\": 1785666271, \"camera_id\": 30, \"camera\": \"Simpang DPRD Arah Kota\", \"total_vehicles\": 1, \"per_lane\": {}, \"crossings\": {\"kota\": 2}}"}
{"ts":1785666273.575,"level":"INFO","logger":"flowsense","msg":"record","camera_id":"30","event":"{\"ts\": 1785666273, \"camera_id\": 30, \"camera\": \"Simpang DPRD Arah Kota\", \"total_vehicles\": 1, \"per_lane\": {}, \"crossings\": {\"kota\": 2}}"}
{"ts":1785666275.529,"level":"INFO","logger":"flowsense","msg":"record","camera_id":"30","event":"{\"ts\": 1785666275, \"camera_id\": 30, \"camera\": \"Simpang DPRD Arah Kota\", \"total_vehicles\": 1, \"per_lane\": {}, \"crossings\": {\"kota\": 2}}"}
{"ts":1785666277.659,"level":"INFO","logger":"flowsense","msg":"record","camera_id":"30","event":"{\"ts\": 1785666277, \"camera_id\": 30, \"camera\": \"Simpang DPRD Arah Kota\", \"total_vehicles\": 1, \"per_lane\": {}, \"crossings\": {\"kota\": 2}}"}
{"ts":1785666279.906,"level":"INFO","logger":"flowsense","msg":"record","camera_id":"30","event":"{\"ts\": 1785666279, \"camera_id\": 30, \"camera\": \"Simpang DPRD Arah Kota\", \"total_vehicles\": 1, \"per_lane\": {}, \"crossings\": {\"kota\": 2}}"}
{"ts":1785666282.325,"level":"INFO","logger":"flowsense","msg":"record","camera_id":"30","event":"{\"ts\": 1785666282, \"camera_id\": 30, \"camera\": \"Simpang DPRD Arah Kota\", \"total_vehicles\": 1, \"per_lane\": {}, \"crossings\": {\"kota\": 2}}"}
{"ts":1785666284.264,"level":"INFO","logger":"flowsense","msg":"record","camera_id":"30","event":"{\"ts\": 1785666284, \"camera_id\": 30, \"camera\": \"Simpang DPRD Arah Kota\", \"total_vehicles\": 1, \"per_lane\": {}, \"crossings\": {\"kota\": 2}}"}
{"ts":1785666286.338,"level":"INFO","logger":"flowsense","msg":"record","camera_id":"30","event":"{\"ts\": 1785666286, \"camera_id\": 30, \"camera\": \"Simpang DPRD Arah Kota\", \"total_vehicles\": 1, \"per_lane\": {}, \"crossings\": {\"kota\": 2}}"}
{"ts":1785666288.614,"level":"INFO","logger":"flowsense","msg":"record","camera_id":"30","event":"{\"ts\": 1785666288, \"camera_id\": 30, \"camera\": \"Simpang DPRD Arah Kota\", \"total_vehicles\": 1, \"per_lane\": {}, \"crossings\": {\"kota\": 2}}"}
{"ts":1785666290.724,"level":"INFO","logger":"flowsense","msg":"record","camera_id":"30","event":"{\"ts\": 1785666290, \"camera_id\": 30, \"camera\": \"Simpang DPRD Arah Kota\", \"total_vehicles\": 0, \"per_lane\": {}, \"crossings\": {\"kota\": 2}}"}
{"ts":1785666292.734,"level":"INFO","logger":"flowsense","msg":"record","camera_id":"30","event":"{\"ts\": 1785666292, \"camera_id\": 30, \"camera\": \"Simpang DPRD Arah Kota\", \"total_vehicles\": 0, \"per_lane\": {}, \"crossings\": {\"kota\": 2}}"}
{"ts":1785666294.761,"level":"INFO","logger":"flowsense","msg":"record","camera_id":"30","event":"{\"ts\": 1785666294, \"camera_id\": 30, \"camera\": \"Simpang DPRD Arah Kota\", \"total_vehicles\": 0, \"per_lane\": {}, \"crossings\": {\"kota\": 2}}"}
{"ts":1785666297.304,"level":"INFO","logger":"flowsense","msg":"record","camera_id":"30","event":"{\"ts\": 1785666297, \"camera_id\": 30, \"camera\": \"Simpang DPRD Arah Kota\", \"total_vehicles\": 0, \"per_lane\": {}, \"crossings\": {\"kota\": 2}}"}
{"ts":1785666299.84,"level":"INFO","logger":"flowsense","msg":"record","camera_id":"30","event":"{\"ts\": 1785666299, \"camera_id\": 30, \"camera\": \"Simpang DPRD Arah Kota\", \"total_vehicles\": 2, \"per_lane\": {}, \"crossings\": {\"kota\": 2}}"}
{"ts":1785666301.485,"level":"INFO","logger":"flowsense","msg":"record","camera_id":"30","event":"{\"ts\": 1785666301, \"camera_id\": 30, \"camera\": \"Simpang DPRD Arah Kota\", \"total_vehicles\": 0, \"per_lane\": {}, \"crossings\": {\"kota\": 2}}"}
{"ts":1785666303.945,"level":"INFO","logger":"flowsense","msg":"record","camera_id":"30","event":"{\"ts\": 1785666303, \"camera_id\": 30, \"camera\": \"Simpang DPRD Arah Kota\", \"total_vehicles\": 1, \"per_lane\": {}, \"crossings\": {\"kota\": 2}}"}
{"ts":1785666305.813,"level":"INFO","logger":"flowsense","msg":"record","camera_id":"30","event":"{\"ts\": 1785666305, \"camera_id\": 30, \"camera\": \"Simpang DPRD Arah Kota\", \"total_vehicles\": 1, \"per_lane\": {}, \"crossings\": {\"kota\": 2}}"}
{"ts":1785666307.9,"level":"INFO","logger":"flowsense","msg":"record","camera_id":"30","event":"{\"ts\": 1785666307, \"camera_id\": 30, \"camera\": \"Simpang DPRD Arah Kota\", \"total_vehicles\": 1, \"per_lane\": {}, \"crossings\": {\"kota\": 2}}"}
{"ts":1785666310.372,"level":"INFO","logger":"flowsense","msg":"record","camera_id":"30","event":"{\"ts\": 1785666309, \"camera_id\": 30, \"camera\": \"Simpang DPRD Arah Kota\", \"total_vehicles\": 1, \"per_lane\": {}, \"crossings\": {\"kota\": 2}}"}
{"ts":1785666312.339,"level":"INFO","logger":"flowsense","msg":"record","camera_id":"30","event":"{\"ts\": 1785666311, \"camera_id\": 30, \"camera\": \"Simpang DPRD Arah Kota\", \"total_vehicles\": 1, \"per_lane\": {}, \"crossings\": {\"kota\": 2}}"}
{"ts":1785666314.699,"level":"INFO","logger":"flowsense","msg":"record","camera_id":"30","event":"{\"ts\": 1785666313, \"camera_id\": 30, \"camera\": \"Simpang DPRD Arah Kota\", \"total_vehicles\": 1, \"per_lane\": {}, \"crossings\": {\"kota\": 2}}"}
{"ts":1785666316.18,"level":"INFO","logger":"flowsense","msg":"record","camera_id":"30","event":"{\"ts\": 1785666316, \"camera_id\": 30, \"camera\": \"Simpang DPRD Arah Kota\", \"total_vehicles\": 1, \"per_lane\": {}, \"crossings\": {\"kota\": 2}}"}
{"ts":1785666318.354,"level":"INFO","logger":"flowsense","msg":"record","camera_id":"30","event":"{\"ts\": 1785666318, \"camera_id\": 30, \"camera\": \"Simpang DPRD Arah Kota\", \"total_vehicles\": 1, \"per_lane\": {}, \"crossings\": {\"kota\": 2}}"}
{"ts":1785666320.37,"level":"INFO","logger":"flowsense","msg":"record","camera_id":"30","event":"{\"ts\": 1785666320, \"camera_id\": 30, \"camera\": \"Simpang DPRD Arah Kota\", \"total_vehicles\": 1, \"per_lane\": {}, \"crossings\": {\"kota\": 2}}"}
{"ts":1785666322.599,"level":"INFO","logger":"flowsense","msg":"record","camera_id":"30","event":"{\"ts\": 1785666322, \"camera_id\": 30, \"camera\": \"Simpang DPRD Arah Kota\", \"total_vehicles\": 1, \"per_lane\": {}, \"crossings\": {\"kota\": 2}}"}
{"ts":1785666324.818,"level":"INFO","logger":"flowsense","msg":"record","camera_id":"30","event":"{\"ts\": 1785666324, \"camera_id\": 30, \"camera\": \"Simpang DPRD Arah Kota\", \"total_vehicles\": 1, \"per_lane\": {}, \"crossings\": {\"kota\": 2}}"}
{"ts":1785666326.702,"level":"INFO","logger":"flowsense","msg":"record","camera_id":"30","event":"{\"ts\": 1785666326, \"camera_id\": 30, \"camera\": \"Simpang DPRD Arah Kota\", \"total_vehicles\": 1, \"per_lane\": {}, \"crossings\": {\"kota\": 2}}"}
{"ts":1785666328.91,"level":"INFO","logger":"flowsense","msg":"record","camera_id":"30","event":"{\"ts\": 1785666328, \"camera_id\": 30, \"camera\": \"Simpang DPRD Arah Kota\", \"total_vehicles\": 2, \"per_lane\": {}, \"crossings\": {\"kota\": 2}}"}
{"ts":1785666330.987,"level":"INFO","logger":"flowsense","msg":"record","camera_id":"30","event":"{\"ts\": 1785666330, \"camera_id\": 30, \"camera\": \"Simpang DPRD Arah Kota\", \"total_vehicles\": 2, \"per_lane\": {}, \"crossings\": {\"kota\": 2}}"}
{"ts":1785666333.179,"level":"INFO","logger":"flowsense","msg":"record","camera_id":"30","event":"{\"ts\": 1785666332, \"camera_id\": 30, \"camera\": \"Simpang DPRD Arah Kota\", \"total_vehicles\": 2, \"per_lane\": {}, \"crossings\": {\"kota\": 2}}"}
{"ts":1785666335.157,"level":"INFO","logger":"flowsense","msg":"record","camera_id":"30","event":"{\"ts\": 1785666334, \"camera_id\": 30, \"camera\": \"Simpang DPRD Arah Kota\", \"total_vehicles\": 2, \"per_lane\": {}, \"crossings\": {\"kota\": 2}}"}
{"ts":1785666337.142,"level":"INFO","logger":"flowsense","msg":"record","camera_id":"30","event":"{\"ts\": 1785666337, \"camera_id\": 30, \"camera\": \"Simpang DPRD Arah Kota\", \"total_vehicles\": 0, \"per_lane\": {}, \"crossings\": {\"kota\": 2}}"}
{"ts":1785666339.262,"level":"INFO","logger":"flowsense","msg":"record","camera_id":"30","event":"{\"ts\": 1785666339, \"camera_id\": 30, \"camera\": \"Simpang DPRD Arah Kota\", \"total_vehicles\": 1, \"per_lane\": {}, \"crossings\": {\"kota\": 2}}"}
{"ts":1785666341.799,"level":"INFO","logger":"flowsense","msg":"record","camera_id":"30","event":"{\"ts\": 1785666341, \"camera_id\": 30, \"camera\": \"Simpang DPRD Arah Kota\", \"total_vehicles\": 2, \"per_lane\": {}, \"crossings\": {\"kota\": 2}}"}
{"ts":1785666343.538,"level":"INFO","logger":"flowsense","msg":"record","camera_id":"30","event":"{\"ts\": 1785666343, \"camera_id\": 30, \"camera\": \"Simpang DPRD Arah Kota\", \"total_vehicles\": 2, \"per_lane\": {}, \"crossings\": {\"kota\": 2}}"}
{"ts":1785666345.615,"level":"INFO","logger":"flowsense","msg":"record","camera_id":"30","event":"{\"ts\": 1785666345, \"camera_id\": 30, \"camera\": \"Simpang DPRD Arah Kota\", \"total_vehicles\": 1, \"per_lane\": {}, \"crossings\": {\"kota\": 2}}"}
{"ts":1785666347.735,"level":"INFO","logger":"flowsense","msg":"record","camera_id":"30","event":"{\"ts\": 1785666347, \"camera_id\": 30, \"camera\": \"Simpang DPRD Arah Kota\", \"total_vehicles\": 3, \"per_lane\": {}, \"crossings\": {\"kota\": 2}}"}
{"ts":1785666350.124,"level":"INFO","logger":"flowsense","msg":"record","camera_id":"30","event":"{\"ts\": 1785666349, \"camera_id\": 30, \"camera\": \"Simpang DPRD Arah Kota\", \"total_vehicles\": 2, \"per_lane\": {}, \"crossings\": {\"kota\": 2}}"}
{"ts":1785666352.178,"level":"INFO","logger":"flowsense","msg":"record","camera_id":"30","event":"{\"ts\": 1785666351, \"camera_id\": 30, \"camera\": \"Simpang DPRD Arah Kota\", \"total_vehicles\": 3, \"per_lane\": {}, \"crossings\": {\"kota\": 2}}"}
{"ts":1785666354.079,"level":"INFO","logger":"flowsense","msg":"record","camera_id":"30","event":"{\"ts\": 1785666353, \"camera_id\": 30, \"camera\": \"Simpang DPRD Arah Kota\", \"total_vehicles\": 2, \"per_lane\": {}, \"crossings\": {\"kota\": 2}}"}
{"ts":1785666356.073,"level":"INFO","logger":"flowsense","msg":"record","camera_id":"30","event":"{\"ts\": 1785666355, \"camera_id\": 30, \"camera\": \"Simpang DPRD Arah Kota\", \"total_vehicles\": 2, \"per_lane\": {}, \"crossings\": {\"kota\": 2}}"}
{"ts":1785666358.173,"level":"INFO","logger":"flowsense","msg":"record","camera_id":"30","event":"{\"ts\": 1785666358, \"camera_id\": 30, \"camera\": \"Simpang DPRD Arah Kota\", \"total_vehicles\": 2, \"per_lane\": {}, \"crossings\": {\"kota\": 2}}"}
{"ts":1785666360.501,"level":"INFO","logger":"flowsense","msg":"record","camera_id":"30","event":"{\"ts\": 1785666360, \"camera_id\": 30, \"camera\": \"Simpang DPRD Arah Kota\", \"total_vehicles\": 4, \"per_lane\": {}, \"crossings\": {\"kota\": 2}}"}
{"ts":1785666362.479,"level":"INFO","logger":"flowsense","msg":"record","camera_id":"30","event":"{\"ts\": 1785666362, \"camera_id\": 30, \"camera\": \"Simpang DPRD Arah Kota\", \"total_vehicles\": 1, \"per_lane\": {}, \"crossings\": {\"kota\": 2}}"}
{"ts":1785666364.545,"level":"INFO","logger":"flowsense","msg":"record","camera_id":"30","event":"{\"ts\": 1785666364, \"camera_id\": 30, \"camera\": \"Simpang DPRD Arah Kota\", \"total_vehicles\": 1, \"per_lane\": {}, \"crossings\": {\"kota\": 2}}"}
{"ts":1785666366.682,"level":"INFO","logger":"flowsense","msg":"record","camera_id":"30","event":"{\"ts\": 1785666366, \"camera_id\": 30, \"camera\": \"Simpang DPRD Arah Kota\", \"total_vehicles\": 2, \"per_lane\": {}, \"crossings\": {\"kota\": 2}}"}
{"ts":1785666368.706,"level":"INFO","logger":"flowsense","msg":"record","camera_id":"30","event":"{\"ts\": 1785666368, \"camera_id\": 30, \"camera\": \"Simpang DPRD Arah Kota\", \"total_vehicles\": 2, \"per_lane\": {}, \"crossings\": {\"kota\": 2}}"}
{"ts":1785666370.733,"level":"INFO","logger":"flowsense","msg":"record","camera_id":"30","event":"{\"ts\": 1785666370, \"camera_id\": 30, \"camera\": \"Simpang DPRD Arah Kota\", \"total_vehicles\": 2, \"per_lane\": {}, \"crossings\": {\"kota\": 2}}"}
{"ts":1785666372.729,"level":"INFO","logger":"flowsense","msg":"record","camera_id":"30","event":"{\"ts\": 1785666372, \"camera_id\": 30, \"camera\": \"Simpang DPRD Arah Kota\", \"total_vehicles\": 2, \"per_lane\": {}, \"crossings\": {\"kota\": 2}}"}
{"ts":1785666374.747,"level":"INFO","logger":"flowsense","msg":"record","camera_id":"30","event":"{\"ts\": 1785666374, \"camera_id\": 30, \"camera\": \"Simpang DPRD Arah Kota\", \"total_vehicles\": 2, \"per_lane\": {}, \"crossings\": {\"kota\": 2}}"}
{"ts":1785666376.766,"level":"INFO","logger":"flowsense","msg":"record","camera_id":"30","event":"{\"ts\": 1785666376, \"camera_id\": 30, \"camera\": \"Simpang DPRD Arah Kota\", \"total_vehicles\": 1, \"per_lane\": {}, \"crossings\": {\"kota\": 2}}"}
{"ts":1785666378.821,"level":"INFO","logger":"flowsense","msg":"record","camera_id":"30","event":"{\"ts\": 1785666378, \"camera_id\": 30, \"camera\": \"Simpang DPRD Arah Kota\", \"total_vehicles\": 2, \"per_lane\": {}, \"crossings\": {\"kota\": 2}}"}
{"ts":1785666380.821,"level":"INFO","logger":"flowsense","msg":"record","camera_id":"30","event":"{\"ts\": 1785666380, \"camera_id\": 30, \"camera\": \"Simpang DPRD Arah Kota\", \"total_vehicles\": 3, \"per_lane\": {}, \"crossings\": {\"kota\": 2}}"}
{"ts":1785666382.879,"level":"INFO","logger":"flowsense","msg":"record","camera_id":"30","event":"{\"ts\": 1785666382, \"camera_id\": 30, \"camera\": \"Simpang DPRD Arah Kota\", \"total_vehicles\": 5, \"per_lane\": {}, \"crossings\": {\"kota\": 2}}"}
{"ts":1785666384.956,"level":"INFO","logger":"flowsense","msg":"record","camera_id":"30","event":"{\"ts\": 1785666384, \"camera_id\": 30, \"camera\": \"Simpang DPRD Arah Kota\", \"total_vehicles\": 1, \"per_lane\": {}, \"crossings\": {\"kota\": 2}}"}
{"ts":1785666387.023,"level":"INFO","logger":"flowsense","msg":"record","camera_id":"30","event":"{\"ts\": 1785666386, \"camera_id\": 30, \"camera\": \"Simpang DPRD Arah Kota\", \"total_vehicles\": 1, \"per_lane\": {}, \"crossings\": {\"kota\": 2}}"}
{"ts":1785666389.098,"level":"INFO","logger":"flowsense","msg":"record","camera_id":"30","event":"{\"ts\": 1785666388, \"camera_id\": 30, \"camera\": \"Simpang DPRD Arah Kota\", \"total_vehicles\": 1, \"per_lane\": {}, \"crossings\": {\"kota\": 2}}"}
{"ts":1785666391.219,"level":"INFO","logger":"flowsense","msg":"record","camera_id":"30","event":"{\"ts\": 1785666391, \"camera_id\": 30, \"camera\": \"Simpang DPRD Arah Kota\", \"total_vehicles\": 2, \"per_lane\": {}, \"crossings\": {\"kota\": 2}}"}
{"ts":1785666393.196,"level":"INFO","logger":"flowsense","msg":"record","camera_id":"30","event":"{\"ts\": 1785666393, \"camera_id\": 30, \"camera\": \"Simpang DPRD Arah Kota\", \"total_vehicles\": 3, \"per_lane\": {\"kota\": 1}, \"crossings\": {\"kota\": 3}}"}
{"ts":1785666395.423,"level":"INFO","logger":"flowsense","msg":"record","camera_id":"30","event":"{\"ts\": 1785666395, \"camera_id\": 30, \"camera\": \"Simpang DPRD Arah Kota\", \"total_vehicles\": 3, \"per_lane\": {}, \"crossings\": {\"kota\": 3}}"}
{"ts":1785666397.475,"level":"INFO","logger":"flowsense","msg":"record","camera_id":"30","event":"{\"ts\": 1785666397, \"camera_id\": 30, \"camera\": \"Simpang DPRD Arah Kota\", \"total_vehicles\": 4, \"per_lane\": {}, \"crossings\": {\"kota\": 3}}"}
{"ts":1785666399.605,"level":"INFO","logger":"flowsense","msg":"record","camera_id":"30","event":"{\"ts\": 1785666399, \"camera_id\": 30, \"camera\": \"Simpang DPRD Arah Kota\", \"total_vehicles\": 4, \"per_lane\": {}, \"crossings\": {\"kota\": 3}}"}
{"ts":1785666401.646,"level":"INFO","logger":"flowsense","msg":"record","camera_id":"30","event":"{\"ts\": 1785666401, \"camera_id\": 30, \"camera\": \"Simpang DPRD Arah Kota\", \"total_vehicles\": 2, \"per_lane\": {}, \"crossings\": {\"kota\": 3}}"}
{"ts":1785666403.705,"level":"INFO","logger":"flowsense","msg":"record","camera_id":"30","event":"{\"ts\": 1785666403, \"camera_id\": 30, \"camera\": \"Simpang DPRD Arah Kota\", \"total_vehicles\": 3, \"per_lane\": {}, \"crossings\": {\"kota\": 3}}"}
{"ts":1785666405.79,"level":"INFO","logger":"flowsense","msg":"record","camera_id":"30","event":"{\"ts\": 1785666405, \"camera_id\": 30, \"camera\": \"Simpang DPRD Arah Kota\", \"total_vehicles\": 3, \"per_lane\": {}, \"crossings\": {\"kota\": 3}}"}
{"ts":1785666407.779,"level":"INFO","logger":"flowsense","msg":"record","camera_id":"30","event":"{\"ts\": 1785666407, \"camera_id\": 30, \"camera\": \"Simpang DPRD Arah Kota\", \"total_vehicles\": 1, \"per_lane\": {}, \"crossings\": {\"kota\": 3}}"}
{"ts":1785666409.965,"level":"INFO","logger":"flowsense","msg":"record","camera_id":"30","event":"{\"ts\": 1785666409, \"camera_id\": 30, \"camera\": \"Simpang DPRD Arah Kota\", \"total_vehicles\": 1, \"per_lane\": {}, \"crossings\": {\"kota\": 3}}"}
{"ts":1785666412.005,"level":"INFO","logger":"flowsense","msg":"record","camera_id":"30","event":"{\"ts\": 1785666411, \"camera_id\": 30, \"camera\": \"Simpang DPRD Arah Kota\", \"total_vehicles\": 0, \"per_lane\": {}, \"crossings\": {\"kota\": 3}}"}
{"ts":1785666414.05,"level":"INFO","logger":"flowsense","msg":"record","camera_id":"30","event":"{\"ts\": 1785666413, \"camera_id\": 30, \"camera\": \"Simpang DPRD Arah Kota\", \"total_vehicles\": 1, \"per_lane\": {}, \"crossings\": {\"kota\": 3}}"}
{"ts":1785666416.07,"level":"INFO","logger":"flowsense","msg":"record","camera_id":"30","event":"{\"ts\": 1785666415, \"camera_id\": 30, \"camera\": \"Simpang DPRD Arah Kota\", \"total_vehicles\": 1, \"per_lane\": {}, \"crossings\": {\"kota\": 3}}"}
{"ts":1785666418.07,"level":"INFO","logger":"flowsense","msg":"record","camera_id":"30","event":"{\"ts\": 1785666417, \"camera_id\": 30, \"camera\": \"Simpang DPRD Arah Kota\", \"total_vehicles\": 0, \"per_lane\": {}, \"crossings\": {\"kota\": 3}}"}
{"ts":1785666420.186,"level":"INFO","logger":"flowsense","msg":"record","camera_id":"30","event":"{\"ts\": 1785666420, \"camera_id\": 30, \"camera\": \"Simpang DPRD Arah Kota\", \"total_vehicles\": 1, \"per_lane\": {}, \"crossings\": {\"kota\": 3}}"}
{"ts":1785666422.36,"level":"INFO","logger":"flowsense","msg":"record","camera_id":"30","event":"{\"ts\": 1785666422, \"camera_id\": 30, \"camera\": \"Simpang DPRD Arah Kota\", \"total_vehicles\": 1, \"per_lane\": {}, \"crossings\": {\"kota\": 3}}"}
{"ts":1785666424.403,"level":"INFO","logger":"flowsense","msg":"record","camera_id":"30","event":"{\"ts\": 1785666424, \"camera_id\": 30, \"camera\": \"Simpang DPRD Arah Kota\", \"total_vehicles\": 1, \"per_lane\": {}, \"crossings\": {\"kota\": 3}}"}
{"ts":1785666426.429,"level":"INFO","logger":"flowsense","msg":"record","camera_id":"30","event":"{\"ts\": 1785666426, \"camera_id\": 30, \"camera\": \"Simpang DPRD Arah Kota\", \"total_vehicles\": 1, \"per_lane\": {}, \"crossings\": {\"kota\": 3}}"}
{"ts":1785666428.519,"level":"INFO","logger":"flowsense","msg":"record","camera_id":"30","event":"{\"ts\": 1785666428, \"camera_id\": 30, \"camera\": \"Simpang DPRD Arah Kota\", \"total_vehicles\": 2, \"per_lane\": {}, \"crossings\": {\"kota\": 3}}"}
{"ts":1785666430.573,"level":"INFO","logger":"flowsense","msg":"record","camera_id":"30","event":"{\"ts\": 1785666430, \"camera_id\": 30, \"camera\": \"Simpang DPRD Arah Kota\", \"total_vehicles\": 4, \"per_lane\": {}, \"crossings\": {\"kota\": 3}}"}
{"ts":1785666432.564,"level":"INFO","logger":"flowsense","msg":"record","camera_id":"30","event":"{\"ts\": 1785666432, \"camera_id\": 30, \"camera\": \"Simpang DPRD Arah Kota\", \"total_vehicles\": 3, \"per_lane\": {}, \"crossings\": {\"kota\": 3}}"}
{"ts":1785666434.688,"level":"INFO","logger":"flowsense","msg":"record","camera_id":"30","event":"{\"ts\": 1785666434, \"camera_id\": 30, \"camera\": \"Simpang DPRD Arah Kota\", \"total_vehicles\": 3, \"per_lane\": {}, \"crossings\": {\"kota\": 3}}"}
{"ts":1785666436.606,"level":"INFO","logger":"flowsense","msg":"record","camera_id":"30","event":"{\"ts\": 1785666436, \"camera_id\": 30, \"camera\": \"Simpang DPRD Arah Kota\", \"total_vehicles\": 3, \"per_lane\": {}, \"crossings\": {\"kota\": 3}}"}
{"ts":1785666438.73,"level":"INFO","logger":"flowsense","msg":"record","camera_id":"30","event":"{\"ts\": 1785666438, \"camera_id\": 30, \"camera\": \"Simpang DPRD Arah Kota\", \"total_vehicles\": 3, \"per_lane\": {}, \"crossings\": {\"kota\": 3}}"}
{"ts":1785666440.786,"level":"INFO","logger":"flowsense","msg":"record","camera_id":"30","event":"{\"ts\": 1785666440, \"camera_id\": 30, \"camera\": \"Simpang DPRD Arah Kota\", \"total_vehicles\": 3, \"per_lane\": {}, \"crossings\": {\"kota\": 3}}"}
{"ts":1785666442.839,"level":"INFO","logger":"flowsense","msg":"record","camera_id":"30","event":"{\"ts\": 1785666442, \"camera_id\": 30, \"camera\": \"Simpang DPRD Arah Kota\", \"total_vehicles\": 2, \"per_lane\": {}, \"crossings\": {\"kota\": 3}}"}
{"ts":1785666444.919,"level":"INFO","logger":"flowsense","msg":"record","camera_id":"30","event":"{\"ts\": 1785666444, \"camera_id\": 30, \"camera\": \"Simpang DPRD Arah Kota\", \"total_vehicles\": 2, \"per_lane\": {}, \"crossings\": {\"kota\": 3}}"}
{"ts":1785666446.985,"level":"INFO","logger":"flowsense","msg":"record","camera_id":"30","event":"{\"ts\": 1785666446, \"camera_id\": 30, \"camera\": \"Simpang DPRD Arah Kota\", \"total_vehicles\": 3, \"per_lane\": {}, \"crossings\": {\"kota\": 3}}"}
{"ts":1785666449.08,"level":"INFO","logger":"flowsense","msg":"record","camera_id":"30","event":"{\"ts\": 1785666448, \"camera_id\": 30, \"camera\": \"Simpang DPRD Arah Kota\", \"total_vehicles\": 2, \"per_lane\": {}, \"crossings\": {\"kota\": 3}}"}
{"ts":1785666451.128,"level":"INFO","logger":"flowsense","msg":"record","camera_id":"30","event":"{\"ts\": 1785666450, \"camera_id\": 30, \"camera\": \"Simpang DPRD Arah Kota\", \"total_vehicles\": 3, \"per_lane\": {}, \"crossings\": {\"kota\": 3}}"}
{"ts":1785666453.181,"level":"INFO","logger":"flowsense","msg":"record","camera_id":"30","event":"{\"ts\": 1785666453, \"camera_id\": 30, \"camera\": \"Simpang DPRD Arah Kota\", \"total_vehicles\": 3, \"per_lane\": {}, \"crossings\": {\"kota\": 3}}"}
{"ts":1785666455.266,"level":"INFO","logger":"flowsense","msg":"record","camera_id":"30","event":"{\"ts\": 1785666455, \"camera_id\": 30, \"camera\": \"Simpang DPRD Arah Kota\", \"total_vehicles\": 3, \"per_lane\": {}, \"crossings\": {\"kota\": 3}}"}
{"ts":1785666457.388,"level":"INFO","logger":"flowsense","msg":"record","camera_id":"30","event":"{\"ts\": 1785666457, \"camera_id\": 30, \"camera\": \"Simpang DPRD Arah Kota\", \"total_vehicles\": 4, \"per_lane\": {}, \"crossings\": {\"kota\": 3}}"}
{"ts":1785666459.403,"level":"INFO","logger":"flowsense","msg":"record","camera_id":"30","event":"{\"ts\": 1785666459, \"camera_id\": 30, \"camera\": \"Simpang DPRD Arah Kota\", \"total_vehicles\": 4, \"per_lane\": {}, \"crossings\": {\"kota\": 3}}"}
{"ts":1785666461.519,"level":"INFO","logger":"flowsense","msg":"record","camera_id":"30","event":"{\"ts\": 1785666461, \"camera_id\": 30, \"camera\": \"Simpang DPRD Arah Kota\", \"total_vehicles\": 6, \"per_lane\": {}, \"crossings\": {\"kota\": 3}}"}
{"ts":1785666463.579,"level":"INFO","logger":"flowsense","msg":"record","camera_id":"30","event":"{\"ts\": 1785666463, \"camera_id\": 30, \"camera\": \"Simpang DPRD Arah Kota\", \"total_vehicles\": 3, \"per_lane\": {}, \"crossings\": {\"kota\": 3}}"}
{"ts":1785666465.617,"level":"INFO","logger":"flowsense","msg":"record","camera_id":"30","event":"{\"ts\": 1785666465, \"camera_id\": 30, \"camera\": \"Simpang DPRD Arah Kota\", \"total_vehicles\": 3, \"per_lane\": {}, \"crossings\": {\"kota\": 3}}"}
{"ts":1785666467.64,"level":"INFO","logger":"flowsense","msg":"record","camera_id":"30","event":"{\"ts\": 1785666467, \"camera_id\": 30, \"camera\": \"Simpang DPRD Arah Kota\", \"total_vehicles\": 2, \"per_lane\": {}, \"crossings\": {\"kota\": 3}}"}
{"ts":1785666469.99,"level":"INFO","logger":"flowsense","msg":"record","camera_id":"30","event":"{\"ts\": 1785666469, \"camera_id\": 30, \"camera\": \"Simpang DPRD Arah Kota\", \"total_vehicles\": 1, \"per_lane\": {}, \"crossings\": {\"kota\": 3}}"}
{"ts":1785666472.278,"level":"INFO","logger":"flowsense","msg":"record","camera_id":"30","event":"{\"ts\": 1785666471, \"camera_id\": 30, \"camera\": \"Simpang DPRD Arah Kota\", \"total_vehicles\": 1, \"per_lane\": {}, \"crossings\": {\"kota\": 3}}"}
{"ts":1785666474.39,"level":"INFO","logger":"flowsense","msg":"record","camera_id":"30","event":"{\"ts\": 1785666474, \"camera_id\": 30, \"camera\": \"Simpang DPRD Arah Kota\", \"total_vehicles\": 1, \"per_lane\": {}, \"crossings\": {\"kota\": 3}}"}
{"ts":1785666477.356,"level":"INFO","logger":"flowsense","msg":"record","camera_id":"30","event":"{\"ts\": 1785666476, \"camera_id\": 30, \"camera\": \"Simpang DPRD Arah Kota\", \"total_vehicles\": 1, \"per_lane\": {}, \"crossings\": {\"kota\": 3}}"}
{"ts":1785666479.192,"level":"INFO","logger":"flowsense","msg":"record","camera_id":"30","event":"{\"ts\": 1785666478, \"camera_id\": 30, \"camera\": \"Simpang DPRD Arah Kota\", \"total_vehicles\": 0, \"per_lane\": {}, \"crossings\": {\"kota\": 3}}"}
{"ts":1785666481.008,"level":"INFO","logger":"flowsense","msg":"record","camera_id":"30","event":"{\"ts\": 1785666480, \"camera_id\": 30, \"camera\": \"Simpang DPRD Arah Kota\", \"total_vehicles\": 1, \"per_lane\": {}, \"crossings\": {\"kota\": 3}}"}
{"ts":1785666483.023,"level":"INFO","logger":"flowsense","msg":"record","camera_id":"30","event":"{\"ts\": 1785666482, \"camera_id\": 30, \"camera\": \"Simpang DPRD Arah Kota\", \"total_vehicles\": 0, \"per_lane\": {}, \"crossings\": {\"kota\": 3}}"}
{"ts":1785666485.21,"level":"INFO","logger":"flowsense","msg":"record","camera_id":"30","event":"{\"ts\": 1785666484, \"camera_id\": 30, \"camera\": \"Simpang DPRD Arah Kota\", \"total_vehicles\": 1, \"per_lane\": {}, \"crossings\": {\"kota\": 3}}"}
{"ts":1785666487.18,"level":"INFO","logger":"flowsense","msg":"record","camera_id":"30","event":"{\"ts\": 1785666487, \"camera_id\": 30, \"camera\": \"Simpang DPRD Arah Kota\", \"total_vehicles\": 2, \"per_lane\": {}, \"crossings\": {\"kota\": 3}}"}
